-- Test Setup: ChunkOrder
-- SQL: SELECT * from cpu order by time;
+--------+--------------------------------+------+
| region | time                           | user |
+--------+--------------------------------+------+
| west   | 1970-01-01T00:00:00.000000100Z | 2    |
+--------+--------------------------------+------+
