-- Test Setup: OneDeleteMultiExprsOneChunk
-- SQL: SELECT * from cpu;
+-----+-----+--------------------------------+
| bar | foo | time                           |
+-----+-----+--------------------------------+
| 1   | me  | 1970-01-01T00:00:00.000000040Z |
| 2   | you | 1970-01-01T00:00:00.000000020Z |
+-----+-----+--------------------------------+
-- SQL: SELECT time, bar from cpu;
+--------------------------------+-----+
| time                           | bar |
+--------------------------------+-----+
| 1970-01-01T00:00:00.000000040Z | 1   |
| 1970-01-01T00:00:00.000000020Z | 2   |
+--------------------------------+-----+
-- SQL: SELECT bar from cpu;
+-----+
| bar |
+-----+
| 1   |
| 2   |
+-----+
-- SQL: SELECT count(time), count(*), count(bar), min(bar), max(bar), min(time), max(time)  from cpu;
+-----------------+-----------------+----------------+--------------+--------------+--------------------------------+--------------------------------+
| COUNT(cpu.time) | COUNT(UInt8(1)) | COUNT(cpu.bar) | MIN(cpu.bar) | MAX(cpu.bar) | MIN(cpu.time)                  | MAX(cpu.time)                  |
+-----------------+-----------------+----------------+--------------+--------------+--------------------------------+--------------------------------+
| 2               | 2               | 2              | 1            | 2            | 1970-01-01T00:00:00.000000020Z | 1970-01-01T00:00:00.000000040Z |
+-----------------+-----------------+----------------+--------------+--------------+--------------------------------+--------------------------------+
-- SQL: SELECT count(time)  from cpu;
+-----------------+
| COUNT(cpu.time) |
+-----------------+
| 2               |
+-----------------+
-- SQL: SELECT count(foo) from cpu;
+----------------+
| COUNT(cpu.foo) |
+----------------+
| 2              |
+----------------+
-- SQL: SELECT count(bar) from cpu;
+----------------+
| COUNT(cpu.bar) |
+----------------+
| 2              |
+----------------+
-- SQL: SELECT count(*) from cpu;
+-----------------+
| COUNT(UInt8(1)) |
+-----------------+
| 2               |
+-----------------+
-- SQL: SELECT min(bar) from cpu;
+--------------+
| MIN(cpu.bar) |
+--------------+
| 1            |
+--------------+
-- SQL: SELECT foo from cpu;
+-----+
| foo |
+-----+
| me  |
| you |
+-----+
-- SQL: SELECT min(foo) from cpu;
+--------------+
| MIN(cpu.foo) |
+--------------+
| me           |
+--------------+
-- SQL: SELECT max(foo) from cpu;
+--------------+
| MAX(cpu.foo) |
+--------------+
| you          |
+--------------+
-- SQL: SELECT time from cpu;
+--------------------------------+
| time                           |
+--------------------------------+
| 1970-01-01T00:00:00.000000040Z |
| 1970-01-01T00:00:00.000000020Z |
+--------------------------------+
-- SQL: SELECT max(bar) from cpu;
+--------------+
| MAX(cpu.bar) |
+--------------+
| 2            |
+--------------+
-- SQL: SELECT * from cpu where bar >= 1.0 order by bar, foo, time;
+-----+-----+--------------------------------+
| bar | foo | time                           |
+-----+-----+--------------------------------+
| 1   | me  | 1970-01-01T00:00:00.000000040Z |
| 2   | you | 1970-01-01T00:00:00.000000020Z |
+-----+-----+--------------------------------+
-- SQL: SELECT foo from cpu where bar >= 1.0 order by foo;
+-----+
| foo |
+-----+
| me  |
| you |
+-----+
-- SQL: SELECT time, bar from cpu where bar >= 1.0 order by bar, time;
+--------------------------------+-----+
| time                           | bar |
+--------------------------------+-----+
| 1970-01-01T00:00:00.000000040Z | 1   |
| 1970-01-01T00:00:00.000000020Z | 2   |
+--------------------------------+-----+
-- SQL: SELECT * from cpu where foo = 'you' order by bar, foo, time;
+-----+-----+--------------------------------+
| bar | foo | time                           |
+-----+-----+--------------------------------+
| 2   | you | 1970-01-01T00:00:00.000000020Z |
+-----+-----+--------------------------------+
-- SQL: SELECT min(bar) as mi, max(time) as ma from cpu where foo = 'you' order by mi, ma
+----+--------------------------------+
| mi | ma                             |
+----+--------------------------------+
| 2  | 1970-01-01T00:00:00.000000020Z |
+----+--------------------------------+
