---
source: iox_query/src/plan/influxql/rewriter.rs
expression: "walk_expr(\"5 + 6\")"
---
0: 5
1: 6
2: 5 + 6
