---
source: influxdb_influxql_parser/src/expression/walk.rs
expression: "walk_expr(\"5 + 6\")"
---
0: Literal(Unsigned(5))
1: Literal(Unsigned(6))
2: Binary { lhs: Literal(Unsigned(5)), op: Add, rhs: Literal(Unsigned(6)) }
